-----== Scan Start ==-----
/malware/EICAR ---> Found Virus, Malware Name is Malware
-----== Scan End ==-----
Number of Scanned Files: 1
Number of Found Viruses: 1
